CRITICAL - 2025-02-24 10:22:54 --> Invalid file: dashboard/toniquetes.php
#0 C:\Users\ProgramadorTech\Documents\AppsWeb\controlAccesos\system\View\View.php(198): CodeIgniter\Exceptions\FrameworkException::forInvalidFile('dashboard/toniq...')
#1 C:\Users\ProgramadorTech\Documents\AppsWeb\controlAccesos\system\View\View.php(226): CodeIgniter\View\View->render('dashboard/toniq...', Array, true)
#2 C:\Users\ProgramadorTech\Documents\AppsWeb\controlAccesos\system\Common.php(1089): CodeIgniter\View\View->render('dashboard/index', Array, true)
#3 C:\Users\ProgramadorTech\Documents\AppsWeb\controlAccesos\app\Controllers\Dashboard.php(20): view('dashboard/index')
#4 C:\Users\ProgramadorTech\Documents\AppsWeb\controlAccesos\system\CodeIgniter.php(832): App\Controllers\Dashboard->index()
#5 C:\Users\ProgramadorTech\Documents\AppsWeb\controlAccesos\system\CodeIgniter.php(419): CodeIgniter\CodeIgniter->runController(Object(App\Controllers\Dashboard))
#6 C:\Users\ProgramadorTech\Documents\AppsWeb\controlAccesos\system\CodeIgniter.php(326): CodeIgniter\CodeIgniter->handleRequest(NULL, Object(Config\Cache), false)
#7 C:\Users\ProgramadorTech\Documents\AppsWeb\controlAccesos\index.php(37): CodeIgniter\CodeIgniter->run()
#8 {main}
CRITICAL - 2025-02-24 10:23:12 --> Invalid file: dashboard/toniquetes.php
#0 C:\Users\ProgramadorTech\Documents\AppsWeb\controlAccesos\system\View\View.php(198): CodeIgniter\Exceptions\FrameworkException::forInvalidFile('dashboard/toniq...')
#1 C:\Users\ProgramadorTech\Documents\AppsWeb\controlAccesos\system\View\View.php(424): CodeIgniter\View\View->render('dashboard/toniq...', NULL, true)
#2 C:\Users\ProgramadorTech\Documents\AppsWeb\controlAccesos\app\Views\dashboard\index.php(261): CodeIgniter\View\View->include('dashboard/toniq...')
#3 C:\Users\ProgramadorTech\Documents\AppsWeb\controlAccesos\system\View\View.php(210): include('C:\\Users\\Progra...')
#4 C:\Users\ProgramadorTech\Documents\AppsWeb\controlAccesos\system\View\View.php(213): CodeIgniter\View\View->CodeIgniter\View\{closure}()
#5 C:\Users\ProgramadorTech\Documents\AppsWeb\controlAccesos\system\Common.php(1089): CodeIgniter\View\View->render('dashboard/index', Array, true)
#6 C:\Users\ProgramadorTech\Documents\AppsWeb\controlAccesos\app\Controllers\Dashboard.php(20): view('dashboard/index')
#7 C:\Users\ProgramadorTech\Documents\AppsWeb\controlAccesos\system\CodeIgniter.php(832): App\Controllers\Dashboard->index()
#8 C:\Users\ProgramadorTech\Documents\AppsWeb\controlAccesos\system\CodeIgniter.php(419): CodeIgniter\CodeIgniter->runController(Object(App\Controllers\Dashboard))
#9 C:\Users\ProgramadorTech\Documents\AppsWeb\controlAccesos\system\CodeIgniter.php(326): CodeIgniter\CodeIgniter->handleRequest(NULL, Object(Config\Cache), false)
#10 C:\Users\ProgramadorTech\Documents\AppsWeb\controlAccesos\index.php(37): CodeIgniter\CodeIgniter->run()
#11 {main}
CRITICAL - 2025-02-24 10:23:36 --> Invalid file: dashboard/toniquetes.php
#0 C:\Users\ProgramadorTech\Documents\AppsWeb\controlAccesos\system\View\View.php(198): CodeIgniter\Exceptions\FrameworkException::forInvalidFile('dashboard/toniq...')
#1 C:\Users\ProgramadorTech\Documents\AppsWeb\controlAccesos\system\View\View.php(424): CodeIgniter\View\View->render('dashboard/toniq...', NULL, true)
#2 C:\Users\ProgramadorTech\Documents\AppsWeb\controlAccesos\app\Views\dashboard\index.php(261): CodeIgniter\View\View->include('dashboard/toniq...')
#3 C:\Users\ProgramadorTech\Documents\AppsWeb\controlAccesos\system\View\View.php(210): include('C:\\Users\\Progra...')
#4 C:\Users\ProgramadorTech\Documents\AppsWeb\controlAccesos\system\View\View.php(213): CodeIgniter\View\View->CodeIgniter\View\{closure}()
#5 C:\Users\ProgramadorTech\Documents\AppsWeb\controlAccesos\system\Common.php(1089): CodeIgniter\View\View->render('dashboard/index', Array, true)
#6 C:\Users\ProgramadorTech\Documents\AppsWeb\controlAccesos\app\Controllers\Dashboard.php(20): view('dashboard/index')
#7 C:\Users\ProgramadorTech\Documents\AppsWeb\controlAccesos\system\CodeIgniter.php(832): App\Controllers\Dashboard->index()
#8 C:\Users\ProgramadorTech\Documents\AppsWeb\controlAccesos\system\CodeIgniter.php(419): CodeIgniter\CodeIgniter->runController(Object(App\Controllers\Dashboard))
#9 C:\Users\ProgramadorTech\Documents\AppsWeb\controlAccesos\system\CodeIgniter.php(326): CodeIgniter\CodeIgniter->handleRequest(NULL, Object(Config\Cache), false)
#10 C:\Users\ProgramadorTech\Documents\AppsWeb\controlAccesos\index.php(37): CodeIgniter\CodeIgniter->run()
#11 {main}
CRITICAL - 2025-02-24 10:23:38 --> Invalid file: dashboard/toniquetes.php
#0 C:\Users\ProgramadorTech\Documents\AppsWeb\controlAccesos\system\View\View.php(198): CodeIgniter\Exceptions\FrameworkException::forInvalidFile('dashboard/toniq...')
#1 C:\Users\ProgramadorTech\Documents\AppsWeb\controlAccesos\system\View\View.php(424): CodeIgniter\View\View->render('dashboard/toniq...', NULL, true)
#2 C:\Users\ProgramadorTech\Documents\AppsWeb\controlAccesos\app\Views\dashboard\index.php(261): CodeIgniter\View\View->include('dashboard/toniq...')
#3 C:\Users\ProgramadorTech\Documents\AppsWeb\controlAccesos\system\View\View.php(210): include('C:\\Users\\Progra...')
#4 C:\Users\ProgramadorTech\Documents\AppsWeb\controlAccesos\system\View\View.php(213): CodeIgniter\View\View->CodeIgniter\View\{closure}()
#5 C:\Users\ProgramadorTech\Documents\AppsWeb\controlAccesos\system\Common.php(1089): CodeIgniter\View\View->render('dashboard/index', Array, true)
#6 C:\Users\ProgramadorTech\Documents\AppsWeb\controlAccesos\app\Controllers\Dashboard.php(20): view('dashboard/index')
#7 C:\Users\ProgramadorTech\Documents\AppsWeb\controlAccesos\system\CodeIgniter.php(832): App\Controllers\Dashboard->index()
#8 C:\Users\ProgramadorTech\Documents\AppsWeb\controlAccesos\system\CodeIgniter.php(419): CodeIgniter\CodeIgniter->runController(Object(App\Controllers\Dashboard))
#9 C:\Users\ProgramadorTech\Documents\AppsWeb\controlAccesos\system\CodeIgniter.php(326): CodeIgniter\CodeIgniter->handleRequest(NULL, Object(Config\Cache), false)
#10 C:\Users\ProgramadorTech\Documents\AppsWeb\controlAccesos\index.php(37): CodeIgniter\CodeIgniter->run()
#11 {main}
CRITICAL - 2025-02-24 10:23:38 --> Invalid file: dashboard/toniquetes.php
#0 C:\Users\ProgramadorTech\Documents\AppsWeb\controlAccesos\system\View\View.php(198): CodeIgniter\Exceptions\FrameworkException::forInvalidFile('dashboard/toniq...')
#1 C:\Users\ProgramadorTech\Documents\AppsWeb\controlAccesos\system\View\View.php(424): CodeIgniter\View\View->render('dashboard/toniq...', NULL, true)
#2 C:\Users\ProgramadorTech\Documents\AppsWeb\controlAccesos\app\Views\dashboard\index.php(261): CodeIgniter\View\View->include('dashboard/toniq...')
#3 C:\Users\ProgramadorTech\Documents\AppsWeb\controlAccesos\system\View\View.php(210): include('C:\\Users\\Progra...')
#4 C:\Users\ProgramadorTech\Documents\AppsWeb\controlAccesos\system\View\View.php(213): CodeIgniter\View\View->CodeIgniter\View\{closure}()
#5 C:\Users\ProgramadorTech\Documents\AppsWeb\controlAccesos\system\Common.php(1089): CodeIgniter\View\View->render('dashboard/index', Array, true)
#6 C:\Users\ProgramadorTech\Documents\AppsWeb\controlAccesos\app\Controllers\Dashboard.php(20): view('dashboard/index')
#7 C:\Users\ProgramadorTech\Documents\AppsWeb\controlAccesos\system\CodeIgniter.php(832): App\Controllers\Dashboard->index()
#8 C:\Users\ProgramadorTech\Documents\AppsWeb\controlAccesos\system\CodeIgniter.php(419): CodeIgniter\CodeIgniter->runController(Object(App\Controllers\Dashboard))
#9 C:\Users\ProgramadorTech\Documents\AppsWeb\controlAccesos\system\CodeIgniter.php(326): CodeIgniter\CodeIgniter->handleRequest(NULL, Object(Config\Cache), false)
#10 C:\Users\ProgramadorTech\Documents\AppsWeb\controlAccesos\index.php(37): CodeIgniter\CodeIgniter->run()
#11 {main}
CRITICAL - 2025-02-24 10:23:39 --> Invalid file: dashboard/toniquetes.php
#0 C:\Users\ProgramadorTech\Documents\AppsWeb\controlAccesos\system\View\View.php(198): CodeIgniter\Exceptions\FrameworkException::forInvalidFile('dashboard/toniq...')
#1 C:\Users\ProgramadorTech\Documents\AppsWeb\controlAccesos\system\View\View.php(424): CodeIgniter\View\View->render('dashboard/toniq...', NULL, true)
#2 C:\Users\ProgramadorTech\Documents\AppsWeb\controlAccesos\app\Views\dashboard\index.php(261): CodeIgniter\View\View->include('dashboard/toniq...')
#3 C:\Users\ProgramadorTech\Documents\AppsWeb\controlAccesos\system\View\View.php(210): include('C:\\Users\\Progra...')
#4 C:\Users\ProgramadorTech\Documents\AppsWeb\controlAccesos\system\View\View.php(213): CodeIgniter\View\View->CodeIgniter\View\{closure}()
#5 C:\Users\ProgramadorTech\Documents\AppsWeb\controlAccesos\system\Common.php(1089): CodeIgniter\View\View->render('dashboard/index', Array, true)
#6 C:\Users\ProgramadorTech\Documents\AppsWeb\controlAccesos\app\Controllers\Dashboard.php(20): view('dashboard/index')
#7 C:\Users\ProgramadorTech\Documents\AppsWeb\controlAccesos\system\CodeIgniter.php(832): App\Controllers\Dashboard->index()
#8 C:\Users\ProgramadorTech\Documents\AppsWeb\controlAccesos\system\CodeIgniter.php(419): CodeIgniter\CodeIgniter->runController(Object(App\Controllers\Dashboard))
#9 C:\Users\ProgramadorTech\Documents\AppsWeb\controlAccesos\system\CodeIgniter.php(326): CodeIgniter\CodeIgniter->handleRequest(NULL, Object(Config\Cache), false)
#10 C:\Users\ProgramadorTech\Documents\AppsWeb\controlAccesos\index.php(37): CodeIgniter\CodeIgniter->run()
#11 {main}
CRITICAL - 2025-02-24 10:23:39 --> Invalid file: dashboard/toniquetes.php
#0 C:\Users\ProgramadorTech\Documents\AppsWeb\controlAccesos\system\View\View.php(198): CodeIgniter\Exceptions\FrameworkException::forInvalidFile('dashboard/toniq...')
#1 C:\Users\ProgramadorTech\Documents\AppsWeb\controlAccesos\system\View\View.php(424): CodeIgniter\View\View->render('dashboard/toniq...', NULL, true)
#2 C:\Users\ProgramadorTech\Documents\AppsWeb\controlAccesos\app\Views\dashboard\index.php(261): CodeIgniter\View\View->include('dashboard/toniq...')
#3 C:\Users\ProgramadorTech\Documents\AppsWeb\controlAccesos\system\View\View.php(210): include('C:\\Users\\Progra...')
#4 C:\Users\ProgramadorTech\Documents\AppsWeb\controlAccesos\system\View\View.php(213): CodeIgniter\View\View->CodeIgniter\View\{closure}()
#5 C:\Users\ProgramadorTech\Documents\AppsWeb\controlAccesos\system\Common.php(1089): CodeIgniter\View\View->render('dashboard/index', Array, true)
#6 C:\Users\ProgramadorTech\Documents\AppsWeb\controlAccesos\app\Controllers\Dashboard.php(20): view('dashboard/index')
#7 C:\Users\ProgramadorTech\Documents\AppsWeb\controlAccesos\system\CodeIgniter.php(832): App\Controllers\Dashboard->index()
#8 C:\Users\ProgramadorTech\Documents\AppsWeb\controlAccesos\system\CodeIgniter.php(419): CodeIgniter\CodeIgniter->runController(Object(App\Controllers\Dashboard))
#9 C:\Users\ProgramadorTech\Documents\AppsWeb\controlAccesos\system\CodeIgniter.php(326): CodeIgniter\CodeIgniter->handleRequest(NULL, Object(Config\Cache), false)
#10 C:\Users\ProgramadorTech\Documents\AppsWeb\controlAccesos\index.php(37): CodeIgniter\CodeIgniter->run()
#11 {main}
CRITICAL - 2025-02-24 10:23:40 --> Invalid file: dashboard/toniquetes.php
#0 C:\Users\ProgramadorTech\Documents\AppsWeb\controlAccesos\system\View\View.php(198): CodeIgniter\Exceptions\FrameworkException::forInvalidFile('dashboard/toniq...')
#1 C:\Users\ProgramadorTech\Documents\AppsWeb\controlAccesos\system\View\View.php(424): CodeIgniter\View\View->render('dashboard/toniq...', NULL, true)
#2 C:\Users\ProgramadorTech\Documents\AppsWeb\controlAccesos\app\Views\dashboard\index.php(261): CodeIgniter\View\View->include('dashboard/toniq...')
#3 C:\Users\ProgramadorTech\Documents\AppsWeb\controlAccesos\system\View\View.php(210): include('C:\\Users\\Progra...')
#4 C:\Users\ProgramadorTech\Documents\AppsWeb\controlAccesos\system\View\View.php(213): CodeIgniter\View\View->CodeIgniter\View\{closure}()
#5 C:\Users\ProgramadorTech\Documents\AppsWeb\controlAccesos\system\Common.php(1089): CodeIgniter\View\View->render('dashboard/index', Array, true)
#6 C:\Users\ProgramadorTech\Documents\AppsWeb\controlAccesos\app\Controllers\Dashboard.php(20): view('dashboard/index')
#7 C:\Users\ProgramadorTech\Documents\AppsWeb\controlAccesos\system\CodeIgniter.php(832): App\Controllers\Dashboard->index()
#8 C:\Users\ProgramadorTech\Documents\AppsWeb\controlAccesos\system\CodeIgniter.php(419): CodeIgniter\CodeIgniter->runController(Object(App\Controllers\Dashboard))
#9 C:\Users\ProgramadorTech\Documents\AppsWeb\controlAccesos\system\CodeIgniter.php(326): CodeIgniter\CodeIgniter->handleRequest(NULL, Object(Config\Cache), false)
#10 C:\Users\ProgramadorTech\Documents\AppsWeb\controlAccesos\index.php(37): CodeIgniter\CodeIgniter->run()
#11 {main}
CRITICAL - 2025-02-24 10:23:40 --> Invalid file: dashboard/toniquetes.php
#0 C:\Users\ProgramadorTech\Documents\AppsWeb\controlAccesos\system\View\View.php(198): CodeIgniter\Exceptions\FrameworkException::forInvalidFile('dashboard/toniq...')
#1 C:\Users\ProgramadorTech\Documents\AppsWeb\controlAccesos\system\View\View.php(424): CodeIgniter\View\View->render('dashboard/toniq...', NULL, true)
#2 C:\Users\ProgramadorTech\Documents\AppsWeb\controlAccesos\app\Views\dashboard\index.php(261): CodeIgniter\View\View->include('dashboard/toniq...')
#3 C:\Users\ProgramadorTech\Documents\AppsWeb\controlAccesos\system\View\View.php(210): include('C:\\Users\\Progra...')
#4 C:\Users\ProgramadorTech\Documents\AppsWeb\controlAccesos\system\View\View.php(213): CodeIgniter\View\View->CodeIgniter\View\{closure}()
#5 C:\Users\ProgramadorTech\Documents\AppsWeb\controlAccesos\system\Common.php(1089): CodeIgniter\View\View->render('dashboard/index', Array, true)
#6 C:\Users\ProgramadorTech\Documents\AppsWeb\controlAccesos\app\Controllers\Dashboard.php(20): view('dashboard/index')
#7 C:\Users\ProgramadorTech\Documents\AppsWeb\controlAccesos\system\CodeIgniter.php(832): App\Controllers\Dashboard->index()
#8 C:\Users\ProgramadorTech\Documents\AppsWeb\controlAccesos\system\CodeIgniter.php(419): CodeIgniter\CodeIgniter->runController(Object(App\Controllers\Dashboard))
#9 C:\Users\ProgramadorTech\Documents\AppsWeb\controlAccesos\system\CodeIgniter.php(326): CodeIgniter\CodeIgniter->handleRequest(NULL, Object(Config\Cache), false)
#10 C:\Users\ProgramadorTech\Documents\AppsWeb\controlAccesos\index.php(37): CodeIgniter\CodeIgniter->run()
#11 {main}
CRITICAL - 2025-02-24 10:23:40 --> Invalid file: dashboard/toniquetes.php
#0 C:\Users\ProgramadorTech\Documents\AppsWeb\controlAccesos\system\View\View.php(198): CodeIgniter\Exceptions\FrameworkException::forInvalidFile('dashboard/toniq...')
#1 C:\Users\ProgramadorTech\Documents\AppsWeb\controlAccesos\system\View\View.php(424): CodeIgniter\View\View->render('dashboard/toniq...', NULL, true)
#2 C:\Users\ProgramadorTech\Documents\AppsWeb\controlAccesos\app\Views\dashboard\index.php(261): CodeIgniter\View\View->include('dashboard/toniq...')
#3 C:\Users\ProgramadorTech\Documents\AppsWeb\controlAccesos\system\View\View.php(210): include('C:\\Users\\Progra...')
#4 C:\Users\ProgramadorTech\Documents\AppsWeb\controlAccesos\system\View\View.php(213): CodeIgniter\View\View->CodeIgniter\View\{closure}()
#5 C:\Users\ProgramadorTech\Documents\AppsWeb\controlAccesos\system\Common.php(1089): CodeIgniter\View\View->render('dashboard/index', Array, true)
#6 C:\Users\ProgramadorTech\Documents\AppsWeb\controlAccesos\app\Controllers\Dashboard.php(20): view('dashboard/index')
#7 C:\Users\ProgramadorTech\Documents\AppsWeb\controlAccesos\system\CodeIgniter.php(832): App\Controllers\Dashboard->index()
#8 C:\Users\ProgramadorTech\Documents\AppsWeb\controlAccesos\system\CodeIgniter.php(419): CodeIgniter\CodeIgniter->runController(Object(App\Controllers\Dashboard))
#9 C:\Users\ProgramadorTech\Documents\AppsWeb\controlAccesos\system\CodeIgniter.php(326): CodeIgniter\CodeIgniter->handleRequest(NULL, Object(Config\Cache), false)
#10 C:\Users\ProgramadorTech\Documents\AppsWeb\controlAccesos\index.php(37): CodeIgniter\CodeIgniter->run()
#11 {main}
CRITICAL - 2025-02-24 10:23:41 --> Invalid file: dashboard/toniquetes.php
#0 C:\Users\ProgramadorTech\Documents\AppsWeb\controlAccesos\system\View\View.php(198): CodeIgniter\Exceptions\FrameworkException::forInvalidFile('dashboard/toniq...')
#1 C:\Users\ProgramadorTech\Documents\AppsWeb\controlAccesos\system\View\View.php(424): CodeIgniter\View\View->render('dashboard/toniq...', NULL, true)
#2 C:\Users\ProgramadorTech\Documents\AppsWeb\controlAccesos\app\Views\dashboard\index.php(261): CodeIgniter\View\View->include('dashboard/toniq...')
#3 C:\Users\ProgramadorTech\Documents\AppsWeb\controlAccesos\system\View\View.php(210): include('C:\\Users\\Progra...')
#4 C:\Users\ProgramadorTech\Documents\AppsWeb\controlAccesos\system\View\View.php(213): CodeIgniter\View\View->CodeIgniter\View\{closure}()
#5 C:\Users\ProgramadorTech\Documents\AppsWeb\controlAccesos\system\Common.php(1089): CodeIgniter\View\View->render('dashboard/index', Array, true)
#6 C:\Users\ProgramadorTech\Documents\AppsWeb\controlAccesos\app\Controllers\Dashboard.php(20): view('dashboard/index')
#7 C:\Users\ProgramadorTech\Documents\AppsWeb\controlAccesos\system\CodeIgniter.php(832): App\Controllers\Dashboard->index()
#8 C:\Users\ProgramadorTech\Documents\AppsWeb\controlAccesos\system\CodeIgniter.php(419): CodeIgniter\CodeIgniter->runController(Object(App\Controllers\Dashboard))
#9 C:\Users\ProgramadorTech\Documents\AppsWeb\controlAccesos\system\CodeIgniter.php(326): CodeIgniter\CodeIgniter->handleRequest(NULL, Object(Config\Cache), false)
#10 C:\Users\ProgramadorTech\Documents\AppsWeb\controlAccesos\index.php(37): CodeIgniter\CodeIgniter->run()
#11 {main}
CRITICAL - 2025-02-24 10:29:27 --> Invalid file: /dashboard/toniquetes.php
#0 C:\Users\ProgramadorTech\Documents\AppsWeb\controlAccesos\system\View\View.php(198): CodeIgniter\Exceptions\FrameworkException::forInvalidFile('/dashboard/toni...')
#1 C:\Users\ProgramadorTech\Documents\AppsWeb\controlAccesos\system\View\View.php(424): CodeIgniter\View\View->render('/dashboard/toni...', NULL, true)
#2 C:\Users\ProgramadorTech\Documents\AppsWeb\controlAccesos\app\Views\dashboard\index.php(261): CodeIgniter\View\View->include('/dashboard/toni...')
#3 C:\Users\ProgramadorTech\Documents\AppsWeb\controlAccesos\system\View\View.php(210): include('C:\\Users\\Progra...')
#4 C:\Users\ProgramadorTech\Documents\AppsWeb\controlAccesos\system\View\View.php(213): CodeIgniter\View\View->CodeIgniter\View\{closure}()
#5 C:\Users\ProgramadorTech\Documents\AppsWeb\controlAccesos\system\Common.php(1089): CodeIgniter\View\View->render('dashboard/index', Array, true)
#6 C:\Users\ProgramadorTech\Documents\AppsWeb\controlAccesos\app\Controllers\Dashboard.php(20): view('dashboard/index')
#7 C:\Users\ProgramadorTech\Documents\AppsWeb\controlAccesos\system\CodeIgniter.php(832): App\Controllers\Dashboard->index()
#8 C:\Users\ProgramadorTech\Documents\AppsWeb\controlAccesos\system\CodeIgniter.php(419): CodeIgniter\CodeIgniter->runController(Object(App\Controllers\Dashboard))
#9 C:\Users\ProgramadorTech\Documents\AppsWeb\controlAccesos\system\CodeIgniter.php(326): CodeIgniter\CodeIgniter->handleRequest(NULL, Object(Config\Cache), false)
#10 C:\Users\ProgramadorTech\Documents\AppsWeb\controlAccesos\index.php(37): CodeIgniter\CodeIgniter->run()
#11 {main}
CRITICAL - 2025-02-24 10:31:49 --> Invalid file: toniquetes.php
#0 C:\Users\ProgramadorTech\Documents\AppsWeb\controlAccesos\system\View\View.php(198): CodeIgniter\Exceptions\FrameworkException::forInvalidFile('toniquetes.php')
#1 C:\Users\ProgramadorTech\Documents\AppsWeb\controlAccesos\system\View\View.php(424): CodeIgniter\View\View->render('toniquetes', NULL, true)
#2 C:\Users\ProgramadorTech\Documents\AppsWeb\controlAccesos\app\Views\dashboard\index.php(261): CodeIgniter\View\View->include('toniquetes')
#3 C:\Users\ProgramadorTech\Documents\AppsWeb\controlAccesos\system\View\View.php(210): include('C:\\Users\\Progra...')
#4 C:\Users\ProgramadorTech\Documents\AppsWeb\controlAccesos\system\View\View.php(213): CodeIgniter\View\View->CodeIgniter\View\{closure}()
#5 C:\Users\ProgramadorTech\Documents\AppsWeb\controlAccesos\system\Common.php(1089): CodeIgniter\View\View->render('dashboard/index', Array, true)
#6 C:\Users\ProgramadorTech\Documents\AppsWeb\controlAccesos\app\Controllers\Dashboard.php(20): view('dashboard/index')
#7 C:\Users\ProgramadorTech\Documents\AppsWeb\controlAccesos\system\CodeIgniter.php(832): App\Controllers\Dashboard->index()
#8 C:\Users\ProgramadorTech\Documents\AppsWeb\controlAccesos\system\CodeIgniter.php(419): CodeIgniter\CodeIgniter->runController(Object(App\Controllers\Dashboard))
#9 C:\Users\ProgramadorTech\Documents\AppsWeb\controlAccesos\system\CodeIgniter.php(326): CodeIgniter\CodeIgniter->handleRequest(NULL, Object(Config\Cache), false)
#10 C:\Users\ProgramadorTech\Documents\AppsWeb\controlAccesos\index.php(37): CodeIgniter\CodeIgniter->run()
#11 {main}
CRITICAL - 2025-02-24 10:31:51 --> Invalid file: toniquetes.php
#0 C:\Users\ProgramadorTech\Documents\AppsWeb\controlAccesos\system\View\View.php(198): CodeIgniter\Exceptions\FrameworkException::forInvalidFile('toniquetes.php')
#1 C:\Users\ProgramadorTech\Documents\AppsWeb\controlAccesos\system\View\View.php(424): CodeIgniter\View\View->render('toniquetes', NULL, true)
#2 C:\Users\ProgramadorTech\Documents\AppsWeb\controlAccesos\app\Views\dashboard\index.php(261): CodeIgniter\View\View->include('toniquetes')
#3 C:\Users\ProgramadorTech\Documents\AppsWeb\controlAccesos\system\View\View.php(210): include('C:\\Users\\Progra...')
#4 C:\Users\ProgramadorTech\Documents\AppsWeb\controlAccesos\system\View\View.php(213): CodeIgniter\View\View->CodeIgniter\View\{closure}()
#5 C:\Users\ProgramadorTech\Documents\AppsWeb\controlAccesos\system\Common.php(1089): CodeIgniter\View\View->render('dashboard/index', Array, true)
#6 C:\Users\ProgramadorTech\Documents\AppsWeb\controlAccesos\app\Controllers\Dashboard.php(20): view('dashboard/index')
#7 C:\Users\ProgramadorTech\Documents\AppsWeb\controlAccesos\system\CodeIgniter.php(832): App\Controllers\Dashboard->index()
#8 C:\Users\ProgramadorTech\Documents\AppsWeb\controlAccesos\system\CodeIgniter.php(419): CodeIgniter\CodeIgniter->runController(Object(App\Controllers\Dashboard))
#9 C:\Users\ProgramadorTech\Documents\AppsWeb\controlAccesos\system\CodeIgniter.php(326): CodeIgniter\CodeIgniter->handleRequest(NULL, Object(Config\Cache), false)
#10 C:\Users\ProgramadorTech\Documents\AppsWeb\controlAccesos\index.php(37): CodeIgniter\CodeIgniter->run()
#11 {main}
CRITICAL - 2025-02-24 10:32:16 --> Invalid file: toniquetes.php
#0 C:\Users\ProgramadorTech\Documents\AppsWeb\controlAccesos\system\View\View.php(198): CodeIgniter\Exceptions\FrameworkException::forInvalidFile('toniquetes.php')
#1 C:\Users\ProgramadorTech\Documents\AppsWeb\controlAccesos\system\View\View.php(226): CodeIgniter\View\View->render('toniquetes', Array, true)
#2 C:\Users\ProgramadorTech\Documents\AppsWeb\controlAccesos\system\Common.php(1089): CodeIgniter\View\View->render('dashboard/index', Array, true)
#3 C:\Users\ProgramadorTech\Documents\AppsWeb\controlAccesos\app\Controllers\Dashboard.php(20): view('dashboard/index')
#4 C:\Users\ProgramadorTech\Documents\AppsWeb\controlAccesos\system\CodeIgniter.php(832): App\Controllers\Dashboard->index()
#5 C:\Users\ProgramadorTech\Documents\AppsWeb\controlAccesos\system\CodeIgniter.php(419): CodeIgniter\CodeIgniter->runController(Object(App\Controllers\Dashboard))
#6 C:\Users\ProgramadorTech\Documents\AppsWeb\controlAccesos\system\CodeIgniter.php(326): CodeIgniter\CodeIgniter->handleRequest(NULL, Object(Config\Cache), false)
#7 C:\Users\ProgramadorTech\Documents\AppsWeb\controlAccesos\index.php(37): CodeIgniter\CodeIgniter->run()
#8 {main}
CRITICAL - 2025-02-24 10:33:44 --> Invalid file: torniquetes.php
#0 C:\Users\ProgramadorTech\Documents\AppsWeb\controlAccesos\system\View\View.php(198): CodeIgniter\Exceptions\FrameworkException::forInvalidFile('torniquetes.php')
#1 C:\Users\ProgramadorTech\Documents\AppsWeb\controlAccesos\system\View\View.php(424): CodeIgniter\View\View->render('torniquetes', NULL, true)
#2 C:\Users\ProgramadorTech\Documents\AppsWeb\controlAccesos\app\Views\dashboard\index.php(261): CodeIgniter\View\View->include('torniquetes')
#3 C:\Users\ProgramadorTech\Documents\AppsWeb\controlAccesos\system\View\View.php(210): include('C:\\Users\\Progra...')
#4 C:\Users\ProgramadorTech\Documents\AppsWeb\controlAccesos\system\View\View.php(213): CodeIgniter\View\View->CodeIgniter\View\{closure}()
#5 C:\Users\ProgramadorTech\Documents\AppsWeb\controlAccesos\system\Common.php(1089): CodeIgniter\View\View->render('dashboard/index', Array, true)
#6 C:\Users\ProgramadorTech\Documents\AppsWeb\controlAccesos\app\Controllers\Dashboard.php(20): view('dashboard/index')
#7 C:\Users\ProgramadorTech\Documents\AppsWeb\controlAccesos\system\CodeIgniter.php(832): App\Controllers\Dashboard->index()
#8 C:\Users\ProgramadorTech\Documents\AppsWeb\controlAccesos\system\CodeIgniter.php(419): CodeIgniter\CodeIgniter->runController(Object(App\Controllers\Dashboard))
#9 C:\Users\ProgramadorTech\Documents\AppsWeb\controlAccesos\system\CodeIgniter.php(326): CodeIgniter\CodeIgniter->handleRequest(NULL, Object(Config\Cache), false)
#10 C:\Users\ProgramadorTech\Documents\AppsWeb\controlAccesos\index.php(37): CodeIgniter\CodeIgniter->run()
#11 {main}
CRITICAL - 2025-02-24 10:33:59 --> Invalid file: torniquetes.php
#0 C:\Users\ProgramadorTech\Documents\AppsWeb\controlAccesos\system\View\View.php(198): CodeIgniter\Exceptions\FrameworkException::forInvalidFile('torniquetes.php')
#1 C:\Users\ProgramadorTech\Documents\AppsWeb\controlAccesos\system\View\View.php(424): CodeIgniter\View\View->render('torniquetes.php', NULL, true)
#2 C:\Users\ProgramadorTech\Documents\AppsWeb\controlAccesos\app\Views\dashboard\index.php(261): CodeIgniter\View\View->include('torniquetes.php')
#3 C:\Users\ProgramadorTech\Documents\AppsWeb\controlAccesos\system\View\View.php(210): include('C:\\Users\\Progra...')
#4 C:\Users\ProgramadorTech\Documents\AppsWeb\controlAccesos\system\View\View.php(213): CodeIgniter\View\View->CodeIgniter\View\{closure}()
#5 C:\Users\ProgramadorTech\Documents\AppsWeb\controlAccesos\system\Common.php(1089): CodeIgniter\View\View->render('dashboard/index', Array, true)
#6 C:\Users\ProgramadorTech\Documents\AppsWeb\controlAccesos\app\Controllers\Dashboard.php(20): view('dashboard/index')
#7 C:\Users\ProgramadorTech\Documents\AppsWeb\controlAccesos\system\CodeIgniter.php(832): App\Controllers\Dashboard->index()
#8 C:\Users\ProgramadorTech\Documents\AppsWeb\controlAccesos\system\CodeIgniter.php(419): CodeIgniter\CodeIgniter->runController(Object(App\Controllers\Dashboard))
#9 C:\Users\ProgramadorTech\Documents\AppsWeb\controlAccesos\system\CodeIgniter.php(326): CodeIgniter\CodeIgniter->handleRequest(NULL, Object(Config\Cache), false)
#10 C:\Users\ProgramadorTech\Documents\AppsWeb\controlAccesos\index.php(37): CodeIgniter\CodeIgniter->run()
#11 {main}
CRITICAL - 2025-02-24 10:34:13 --> Invalid file: torniquetes.php
#0 C:\Users\ProgramadorTech\Documents\AppsWeb\controlAccesos\system\View\View.php(198): CodeIgniter\Exceptions\FrameworkException::forInvalidFile('torniquetes.php')
#1 C:\Users\ProgramadorTech\Documents\AppsWeb\controlAccesos\system\View\View.php(226): CodeIgniter\View\View->render('torniquetes.php', Array, true)
#2 C:\Users\ProgramadorTech\Documents\AppsWeb\controlAccesos\system\Common.php(1089): CodeIgniter\View\View->render('dashboard/index', Array, true)
#3 C:\Users\ProgramadorTech\Documents\AppsWeb\controlAccesos\app\Controllers\Dashboard.php(20): view('dashboard/index')
#4 C:\Users\ProgramadorTech\Documents\AppsWeb\controlAccesos\system\CodeIgniter.php(832): App\Controllers\Dashboard->index()
#5 C:\Users\ProgramadorTech\Documents\AppsWeb\controlAccesos\system\CodeIgniter.php(419): CodeIgniter\CodeIgniter->runController(Object(App\Controllers\Dashboard))
#6 C:\Users\ProgramadorTech\Documents\AppsWeb\controlAccesos\system\CodeIgniter.php(326): CodeIgniter\CodeIgniter->handleRequest(NULL, Object(Config\Cache), false)
#7 C:\Users\ProgramadorTech\Documents\AppsWeb\controlAccesos\index.php(37): CodeIgniter\CodeIgniter->run()
#8 {main}
CRITICAL - 2025-02-24 10:34:22 --> Invalid file: torniquetes.php
#0 C:\Users\ProgramadorTech\Documents\AppsWeb\controlAccesos\system\View\View.php(198): CodeIgniter\Exceptions\FrameworkException::forInvalidFile('torniquetes.php')
#1 C:\Users\ProgramadorTech\Documents\AppsWeb\controlAccesos\system\View\View.php(226): CodeIgniter\View\View->render('torniquetes', Array, true)
#2 C:\Users\ProgramadorTech\Documents\AppsWeb\controlAccesos\system\Common.php(1089): CodeIgniter\View\View->render('dashboard/index', Array, true)
#3 C:\Users\ProgramadorTech\Documents\AppsWeb\controlAccesos\app\Controllers\Dashboard.php(20): view('dashboard/index')
#4 C:\Users\ProgramadorTech\Documents\AppsWeb\controlAccesos\system\CodeIgniter.php(832): App\Controllers\Dashboard->index()
#5 C:\Users\ProgramadorTech\Documents\AppsWeb\controlAccesos\system\CodeIgniter.php(419): CodeIgniter\CodeIgniter->runController(Object(App\Controllers\Dashboard))
#6 C:\Users\ProgramadorTech\Documents\AppsWeb\controlAccesos\system\CodeIgniter.php(326): CodeIgniter\CodeIgniter->handleRequest(NULL, Object(Config\Cache), false)
#7 C:\Users\ProgramadorTech\Documents\AppsWeb\controlAccesos\index.php(37): CodeIgniter\CodeIgniter->run()
#8 {main}
CRITICAL - 2025-02-24 10:43:39 --> Allowed memory size of 536870912 bytes exhausted (tried to allocate 32768 bytes)
#0 [internal function]: CodeIgniter\Debug\Exceptions->shutdownHandler()
#1 {main}
CRITICAL - 2025-02-24 10:43:51 --> Allowed memory size of 536870912 bytes exhausted (tried to allocate 32768 bytes)
#0 [internal function]: CodeIgniter\Debug\Exceptions->shutdownHandler()
#1 {main}
