CRITICAL - 2025-03-05 12:19:39 --> Call to undefined method App\Controllers\Dashboard::respond()
#0 C:\Users\ProgramadorTech\Documents\AppsWeb\controlAccesos\system\CodeIgniter.php(832): App\Controllers\Dashboard->guardar_evento()
#1 C:\Users\ProgramadorTech\Documents\AppsWeb\controlAccesos\system\CodeIgniter.php(419): CodeIgniter\CodeIgniter->runController(Object(App\Controllers\Dashboard))
#2 C:\Users\ProgramadorTech\Documents\AppsWeb\controlAccesos\system\CodeIgniter.php(326): CodeIgniter\CodeIgniter->handleRequest(NULL, Object(Config\Cache), false)
#3 C:\Users\ProgramadorTech\Documents\AppsWeb\controlAccesos\index.php(37): CodeIgniter\CodeIgniter->run()
#4 {main}
CRITICAL - 2025-03-05 12:19:46 --> Call to undefined method App\Controllers\Dashboard::fail()
#0 C:\Users\ProgramadorTech\Documents\AppsWeb\controlAccesos\system\CodeIgniter.php(832): App\Controllers\Dashboard->guardar_evento()
#1 C:\Users\ProgramadorTech\Documents\AppsWeb\controlAccesos\system\CodeIgniter.php(419): CodeIgniter\CodeIgniter->runController(Object(App\Controllers\Dashboard))
#2 C:\Users\ProgramadorTech\Documents\AppsWeb\controlAccesos\system\CodeIgniter.php(326): CodeIgniter\CodeIgniter->handleRequest(NULL, Object(Config\Cache), false)
#3 C:\Users\ProgramadorTech\Documents\AppsWeb\controlAccesos\index.php(37): CodeIgniter\CodeIgniter->run()
#4 {main}
CRITICAL - 2025-03-05 12:21:12 --> Call to undefined method App\Controllers\Dashboard::respond()
#0 C:\Users\ProgramadorTech\Documents\AppsWeb\controlAccesos\system\CodeIgniter.php(832): App\Controllers\Dashboard->guardar_evento()
#1 C:\Users\ProgramadorTech\Documents\AppsWeb\controlAccesos\system\CodeIgniter.php(419): CodeIgniter\CodeIgniter->runController(Object(App\Controllers\Dashboard))
#2 C:\Users\ProgramadorTech\Documents\AppsWeb\controlAccesos\system\CodeIgniter.php(326): CodeIgniter\CodeIgniter->handleRequest(NULL, Object(Config\Cache), false)
#3 C:\Users\ProgramadorTech\Documents\AppsWeb\controlAccesos\index.php(37): CodeIgniter\CodeIgniter->run()
#4 {main}
CRITICAL - 2025-03-05 12:21:48 --> Call to undefined method App\Controllers\Dashboard::respond()
#0 C:\Users\ProgramadorTech\Documents\AppsWeb\controlAccesos\system\CodeIgniter.php(832): App\Controllers\Dashboard->guardar_evento()
#1 C:\Users\ProgramadorTech\Documents\AppsWeb\controlAccesos\system\CodeIgniter.php(419): CodeIgniter\CodeIgniter->runController(Object(App\Controllers\Dashboard))
#2 C:\Users\ProgramadorTech\Documents\AppsWeb\controlAccesos\system\CodeIgniter.php(326): CodeIgniter\CodeIgniter->handleRequest(NULL, Object(Config\Cache), false)
#3 C:\Users\ProgramadorTech\Documents\AppsWeb\controlAccesos\index.php(37): CodeIgniter\CodeIgniter->run()
#4 {main}
CRITICAL - 2025-03-05 12:22:05 --> Call to undefined method App\Controllers\Dashboard::respond()
#0 C:\Users\ProgramadorTech\Documents\AppsWeb\controlAccesos\system\CodeIgniter.php(832): App\Controllers\Dashboard->guardar_evento()
#1 C:\Users\ProgramadorTech\Documents\AppsWeb\controlAccesos\system\CodeIgniter.php(419): CodeIgniter\CodeIgniter->runController(Object(App\Controllers\Dashboard))
#2 C:\Users\ProgramadorTech\Documents\AppsWeb\controlAccesos\system\CodeIgniter.php(326): CodeIgniter\CodeIgniter->handleRequest(NULL, Object(Config\Cache), false)
#3 C:\Users\ProgramadorTech\Documents\AppsWeb\controlAccesos\index.php(37): CodeIgniter\CodeIgniter->run()
#4 {main}
CRITICAL - 2025-03-05 12:22:06 --> Call to undefined method App\Controllers\Dashboard::respond()
#0 C:\Users\ProgramadorTech\Documents\AppsWeb\controlAccesos\system\CodeIgniter.php(832): App\Controllers\Dashboard->guardar_evento()
#1 C:\Users\ProgramadorTech\Documents\AppsWeb\controlAccesos\system\CodeIgniter.php(419): CodeIgniter\CodeIgniter->runController(Object(App\Controllers\Dashboard))
#2 C:\Users\ProgramadorTech\Documents\AppsWeb\controlAccesos\system\CodeIgniter.php(326): CodeIgniter\CodeIgniter->handleRequest(NULL, Object(Config\Cache), false)
#3 C:\Users\ProgramadorTech\Documents\AppsWeb\controlAccesos\index.php(37): CodeIgniter\CodeIgniter->run()
#4 {main}
CRITICAL - 2025-03-05 12:22:24 --> Call to undefined method App\Controllers\Dashboard::respond()
#0 C:\Users\ProgramadorTech\Documents\AppsWeb\controlAccesos\system\CodeIgniter.php(832): App\Controllers\Dashboard->guardar_evento()
#1 C:\Users\ProgramadorTech\Documents\AppsWeb\controlAccesos\system\CodeIgniter.php(419): CodeIgniter\CodeIgniter->runController(Object(App\Controllers\Dashboard))
#2 C:\Users\ProgramadorTech\Documents\AppsWeb\controlAccesos\system\CodeIgniter.php(326): CodeIgniter\CodeIgniter->handleRequest(NULL, Object(Config\Cache), false)
#3 C:\Users\ProgramadorTech\Documents\AppsWeb\controlAccesos\index.php(37): CodeIgniter\CodeIgniter->run()
#4 {main}
CRITICAL - 2025-03-05 12:22:27 --> Call to undefined method App\Controllers\Dashboard::respond()
#0 C:\Users\ProgramadorTech\Documents\AppsWeb\controlAccesos\system\CodeIgniter.php(832): App\Controllers\Dashboard->guardar_evento()
#1 C:\Users\ProgramadorTech\Documents\AppsWeb\controlAccesos\system\CodeIgniter.php(419): CodeIgniter\CodeIgniter->runController(Object(App\Controllers\Dashboard))
#2 C:\Users\ProgramadorTech\Documents\AppsWeb\controlAccesos\system\CodeIgniter.php(326): CodeIgniter\CodeIgniter->handleRequest(NULL, Object(Config\Cache), false)
#3 C:\Users\ProgramadorTech\Documents\AppsWeb\controlAccesos\index.php(37): CodeIgniter\CodeIgniter->run()
#4 {main}
CRITICAL - 2025-03-05 12:23:23 --> Call to undefined method App\Controllers\Dashboard::respond()
#0 C:\Users\ProgramadorTech\Documents\AppsWeb\controlAccesos\system\CodeIgniter.php(832): App\Controllers\Dashboard->guardar_evento()
#1 C:\Users\ProgramadorTech\Documents\AppsWeb\controlAccesos\system\CodeIgniter.php(419): CodeIgniter\CodeIgniter->runController(Object(App\Controllers\Dashboard))
#2 C:\Users\ProgramadorTech\Documents\AppsWeb\controlAccesos\system\CodeIgniter.php(326): CodeIgniter\CodeIgniter->handleRequest(NULL, Object(Config\Cache), false)
#3 C:\Users\ProgramadorTech\Documents\AppsWeb\controlAccesos\index.php(37): CodeIgniter\CodeIgniter->run()
#4 {main}
CRITICAL - 2025-03-05 12:23:43 --> Call to undefined method App\Controllers\Dashboard::respond()
#0 C:\Users\ProgramadorTech\Documents\AppsWeb\controlAccesos\system\CodeIgniter.php(832): App\Controllers\Dashboard->guardar_evento()
#1 C:\Users\ProgramadorTech\Documents\AppsWeb\controlAccesos\system\CodeIgniter.php(419): CodeIgniter\CodeIgniter->runController(Object(App\Controllers\Dashboard))
#2 C:\Users\ProgramadorTech\Documents\AppsWeb\controlAccesos\system\CodeIgniter.php(326): CodeIgniter\CodeIgniter->handleRequest(NULL, Object(Config\Cache), false)
#3 C:\Users\ProgramadorTech\Documents\AppsWeb\controlAccesos\index.php(37): CodeIgniter\CodeIgniter->run()
#4 {main}
CRITICAL - 2025-03-05 12:24:50 --> Call to undefined method App\Controllers\Dashboard::respond()
#0 C:\Users\ProgramadorTech\Documents\AppsWeb\controlAccesos\system\CodeIgniter.php(832): App\Controllers\Dashboard->guardar_evento()
#1 C:\Users\ProgramadorTech\Documents\AppsWeb\controlAccesos\system\CodeIgniter.php(419): CodeIgniter\CodeIgniter->runController(Object(App\Controllers\Dashboard))
#2 C:\Users\ProgramadorTech\Documents\AppsWeb\controlAccesos\system\CodeIgniter.php(326): CodeIgniter\CodeIgniter->handleRequest(NULL, Object(Config\Cache), false)
#3 C:\Users\ProgramadorTech\Documents\AppsWeb\controlAccesos\index.php(37): CodeIgniter\CodeIgniter->run()
#4 {main}
CRITICAL - 2025-03-05 12:25:20 --> Call to undefined method App\Controllers\Dashboard::respond()
#0 C:\Users\ProgramadorTech\Documents\AppsWeb\controlAccesos\system\CodeIgniter.php(832): App\Controllers\Dashboard->guardar_evento()
#1 C:\Users\ProgramadorTech\Documents\AppsWeb\controlAccesos\system\CodeIgniter.php(419): CodeIgniter\CodeIgniter->runController(Object(App\Controllers\Dashboard))
#2 C:\Users\ProgramadorTech\Documents\AppsWeb\controlAccesos\system\CodeIgniter.php(326): CodeIgniter\CodeIgniter->handleRequest(NULL, Object(Config\Cache), false)
#3 C:\Users\ProgramadorTech\Documents\AppsWeb\controlAccesos\index.php(37): CodeIgniter\CodeIgniter->run()
#4 {main}
CRITICAL - 2025-03-05 12:26:22 --> Call to undefined method App\Controllers\Dashboard::setJSON()
#0 C:\Users\ProgramadorTech\Documents\AppsWeb\controlAccesos\system\CodeIgniter.php(832): App\Controllers\Dashboard->guardar_evento()
#1 C:\Users\ProgramadorTech\Documents\AppsWeb\controlAccesos\system\CodeIgniter.php(419): CodeIgniter\CodeIgniter->runController(Object(App\Controllers\Dashboard))
#2 C:\Users\ProgramadorTech\Documents\AppsWeb\controlAccesos\system\CodeIgniter.php(326): CodeIgniter\CodeIgniter->handleRequest(NULL, Object(Config\Cache), false)
#3 C:\Users\ProgramadorTech\Documents\AppsWeb\controlAccesos\index.php(37): CodeIgniter\CodeIgniter->run()
#4 {main}
CRITICAL - 2025-03-05 12:26:29 --> Call to undefined method App\Controllers\Dashboard::setJSON()
#0 C:\Users\ProgramadorTech\Documents\AppsWeb\controlAccesos\system\CodeIgniter.php(832): App\Controllers\Dashboard->guardar_evento()
#1 C:\Users\ProgramadorTech\Documents\AppsWeb\controlAccesos\system\CodeIgniter.php(419): CodeIgniter\CodeIgniter->runController(Object(App\Controllers\Dashboard))
#2 C:\Users\ProgramadorTech\Documents\AppsWeb\controlAccesos\system\CodeIgniter.php(326): CodeIgniter\CodeIgniter->handleRequest(NULL, Object(Config\Cache), false)
#3 C:\Users\ProgramadorTech\Documents\AppsWeb\controlAccesos\index.php(37): CodeIgniter\CodeIgniter->run()
#4 {main}
CRITICAL - 2025-03-05 12:27:44 --> Call to undefined method App\Controllers\Dashboard::setJSON()
#0 C:\Users\ProgramadorTech\Documents\AppsWeb\controlAccesos\system\CodeIgniter.php(832): App\Controllers\Dashboard->guardar_evento()
#1 C:\Users\ProgramadorTech\Documents\AppsWeb\controlAccesos\system\CodeIgniter.php(419): CodeIgniter\CodeIgniter->runController(Object(App\Controllers\Dashboard))
#2 C:\Users\ProgramadorTech\Documents\AppsWeb\controlAccesos\system\CodeIgniter.php(326): CodeIgniter\CodeIgniter->handleRequest(NULL, Object(Config\Cache), false)
#3 C:\Users\ProgramadorTech\Documents\AppsWeb\controlAccesos\index.php(37): CodeIgniter\CodeIgniter->run()
#4 {main}
CRITICAL - 2025-03-05 16:27:45 --> Call to undefined method App\Controllers\Dashboard::generarClave()
#0 C:\Users\ProgramadorTech\Documents\AppsWeb\controlAccesos\system\CodeIgniter.php(832): App\Controllers\Dashboard->guardar_evento()
#1 C:\Users\ProgramadorTech\Documents\AppsWeb\controlAccesos\system\CodeIgniter.php(419): CodeIgniter\CodeIgniter->runController(Object(App\Controllers\Dashboard))
#2 C:\Users\ProgramadorTech\Documents\AppsWeb\controlAccesos\system\CodeIgniter.php(326): CodeIgniter\CodeIgniter->handleRequest(NULL, Object(Config\Cache), false)
#3 C:\Users\ProgramadorTech\Documents\AppsWeb\controlAccesos\index.php(37): CodeIgniter\CodeIgniter->run()
#4 {main}
CRITICAL - 2025-03-05 16:39:17 --> Call to undefined method App\Controllers\Dashboard::generarClave()
#0 C:\Users\ProgramadorTech\Documents\AppsWeb\controlAccesos\system\CodeIgniter.php(832): App\Controllers\Dashboard->guardar_evento()
#1 C:\Users\ProgramadorTech\Documents\AppsWeb\controlAccesos\system\CodeIgniter.php(419): CodeIgniter\CodeIgniter->runController(Object(App\Controllers\Dashboard))
#2 C:\Users\ProgramadorTech\Documents\AppsWeb\controlAccesos\system\CodeIgniter.php(326): CodeIgniter\CodeIgniter->handleRequest(NULL, Object(Config\Cache), false)
#3 C:\Users\ProgramadorTech\Documents\AppsWeb\controlAccesos\index.php(37): CodeIgniter\CodeIgniter->run()
#4 {main}
CRITICAL - 2025-03-05 16:42:40 --> Attempt to read property "nombre_evento" on array
#0 C:\Users\ProgramadorTech\Documents\AppsWeb\controlAccesos\app\Controllers\Dashboard.php(62): CodeIgniter\Debug\Exceptions->errorHandler(2, 'Attempt to read...', 'C:\\Users\\Progra...', 62)
#1 C:\Users\ProgramadorTech\Documents\AppsWeb\controlAccesos\system\CodeIgniter.php(832): App\Controllers\Dashboard->guardar_evento()
#2 C:\Users\ProgramadorTech\Documents\AppsWeb\controlAccesos\system\CodeIgniter.php(419): CodeIgniter\CodeIgniter->runController(Object(App\Controllers\Dashboard))
#3 C:\Users\ProgramadorTech\Documents\AppsWeb\controlAccesos\system\CodeIgniter.php(326): CodeIgniter\CodeIgniter->handleRequest(NULL, Object(Config\Cache), false)
#4 C:\Users\ProgramadorTech\Documents\AppsWeb\controlAccesos\index.php(37): CodeIgniter\CodeIgniter->run()
#5 {main}
CRITICAL - 2025-03-05 16:49:27 --> Attempt to read property "nombre_evento" on array
#0 C:\Users\ProgramadorTech\Documents\AppsWeb\controlAccesos\app\Controllers\Dashboard.php(58): CodeIgniter\Debug\Exceptions->errorHandler(2, 'Attempt to read...', 'C:\\Users\\Progra...', 58)
#1 C:\Users\ProgramadorTech\Documents\AppsWeb\controlAccesos\system\CodeIgniter.php(832): App\Controllers\Dashboard->guardar_evento()
#2 C:\Users\ProgramadorTech\Documents\AppsWeb\controlAccesos\system\CodeIgniter.php(419): CodeIgniter\CodeIgniter->runController(Object(App\Controllers\Dashboard))
#3 C:\Users\ProgramadorTech\Documents\AppsWeb\controlAccesos\system\CodeIgniter.php(326): CodeIgniter\CodeIgniter->handleRequest(NULL, Object(Config\Cache), false)
#4 C:\Users\ProgramadorTech\Documents\AppsWeb\controlAccesos\index.php(37): CodeIgniter\CodeIgniter->run()
#5 {main}
CRITICAL - 2025-03-05 16:49:29 --> Attempt to read property "nombre_evento" on array
#0 C:\Users\ProgramadorTech\Documents\AppsWeb\controlAccesos\app\Controllers\Dashboard.php(58): CodeIgniter\Debug\Exceptions->errorHandler(2, 'Attempt to read...', 'C:\\Users\\Progra...', 58)
#1 C:\Users\ProgramadorTech\Documents\AppsWeb\controlAccesos\system\CodeIgniter.php(832): App\Controllers\Dashboard->guardar_evento()
#2 C:\Users\ProgramadorTech\Documents\AppsWeb\controlAccesos\system\CodeIgniter.php(419): CodeIgniter\CodeIgniter->runController(Object(App\Controllers\Dashboard))
#3 C:\Users\ProgramadorTech\Documents\AppsWeb\controlAccesos\system\CodeIgniter.php(326): CodeIgniter\CodeIgniter->handleRequest(NULL, Object(Config\Cache), false)
#4 C:\Users\ProgramadorTech\Documents\AppsWeb\controlAccesos\index.php(37): CodeIgniter\CodeIgniter->run()
#5 {main}
CRITICAL - 2025-03-05 16:49:46 --> Attempt to read property "nombre_evento" on array
#0 C:\Users\ProgramadorTech\Documents\AppsWeb\controlAccesos\app\Controllers\Dashboard.php(58): CodeIgniter\Debug\Exceptions->errorHandler(2, 'Attempt to read...', 'C:\\Users\\Progra...', 58)
#1 C:\Users\ProgramadorTech\Documents\AppsWeb\controlAccesos\system\CodeIgniter.php(832): App\Controllers\Dashboard->guardar_evento()
#2 C:\Users\ProgramadorTech\Documents\AppsWeb\controlAccesos\system\CodeIgniter.php(419): CodeIgniter\CodeIgniter->runController(Object(App\Controllers\Dashboard))
#3 C:\Users\ProgramadorTech\Documents\AppsWeb\controlAccesos\system\CodeIgniter.php(326): CodeIgniter\CodeIgniter->handleRequest(NULL, Object(Config\Cache), false)
#4 C:\Users\ProgramadorTech\Documents\AppsWeb\controlAccesos\index.php(37): CodeIgniter\CodeIgniter->run()
#5 {main}
