CRITICAL - 2025-03-06 09:34:24 --> Undefined variable $query
#0 C:\Users\ProgramadorTech\Documents\AppsWeb\controlAccesos\app\Controllers\Dashboard.php(38): CodeIgniter\Debug\Exceptions->errorHandler(2, 'Undefined varia...', 'C:\\Users\\Progra...', 38)
#1 C:\Users\ProgramadorTech\Documents\AppsWeb\controlAccesos\system\CodeIgniter.php(832): App\Controllers\Dashboard->eventos_registrados()
#2 C:\Users\ProgramadorTech\Documents\AppsWeb\controlAccesos\system\CodeIgniter.php(419): CodeIgniter\CodeIgniter->runController(Object(App\Controllers\Dashboard))
#3 C:\Users\ProgramadorTech\Documents\AppsWeb\controlAccesos\system\CodeIgniter.php(326): CodeIgniter\CodeIgniter->handleRequest(NULL, Object(Config\Cache), false)
#4 C:\Users\ProgramadorTech\Documents\AppsWeb\controlAccesos\index.php(37): CodeIgniter\CodeIgniter->run()
#5 {main}
ERROR - 2025-03-06 09:34:44 --> Unknown column 'id, nombre_evento, fecha_inicio, fecha_fin, recinto, recinto_ub,' in 'field list'
CRITICAL - 2025-03-06 09:34:44 --> Call to a member function getResult() on bool
#0 C:\Users\ProgramadorTech\Documents\AppsWeb\controlAccesos\system\BaseModel.php(584): CodeIgniter\Model->doFindAll(0, 0)
#1 C:\Users\ProgramadorTech\Documents\AppsWeb\controlAccesos\app\Controllers\Dashboard.php(38): CodeIgniter\BaseModel->findAll()
#2 C:\Users\ProgramadorTech\Documents\AppsWeb\controlAccesos\system\CodeIgniter.php(832): App\Controllers\Dashboard->eventos_registrados()
#3 C:\Users\ProgramadorTech\Documents\AppsWeb\controlAccesos\system\CodeIgniter.php(419): CodeIgniter\CodeIgniter->runController(Object(App\Controllers\Dashboard))
#4 C:\Users\ProgramadorTech\Documents\AppsWeb\controlAccesos\system\CodeIgniter.php(326): CodeIgniter\CodeIgniter->handleRequest(NULL, Object(Config\Cache), false)
#5 C:\Users\ProgramadorTech\Documents\AppsWeb\controlAccesos\index.php(37): CodeIgniter\CodeIgniter->run()
#6 {main}
CRITICAL - 2025-03-06 15:42:47 --> __clone method called on non-object
#0 C:\Users\ProgramadorTech\Documents\AppsWeb\controlAccesos\vendor\hermawan\codeigniter4-datatables\src\DataTableColumnDefs.php(17): Hermawan\DataTables\DataTableColumnDefs->initFromBuilder(Array)
#1 C:\Users\ProgramadorTech\Documents\AppsWeb\controlAccesos\vendor\hermawan\codeigniter4-datatables\src\DataTable.php(35): Hermawan\DataTables\DataTableColumnDefs->__construct(Array)
#2 C:\Users\ProgramadorTech\Documents\AppsWeb\controlAccesos\vendor\hermawan\codeigniter4-datatables\src\DataTable.php(46): Hermawan\DataTables\DataTable->__construct(Array)
#3 C:\Users\ProgramadorTech\Documents\AppsWeb\controlAccesos\app\Controllers\Dashboard.php(40): Hermawan\DataTables\DataTable::of(Array)
#4 C:\Users\ProgramadorTech\Documents\AppsWeb\controlAccesos\system\CodeIgniter.php(832): App\Controllers\Dashboard->eventos_registrados()
#5 C:\Users\ProgramadorTech\Documents\AppsWeb\controlAccesos\system\CodeIgniter.php(419): CodeIgniter\CodeIgniter->runController(Object(App\Controllers\Dashboard))
#6 C:\Users\ProgramadorTech\Documents\AppsWeb\controlAccesos\system\CodeIgniter.php(326): CodeIgniter\CodeIgniter->handleRequest(NULL, Object(Config\Cache), false)
#7 C:\Users\ProgramadorTech\Documents\AppsWeb\controlAccesos\index.php(37): CodeIgniter\CodeIgniter->run()
#8 {main}
CRITICAL - 2025-03-06 15:54:14 --> __clone method called on non-object
#0 C:\Users\ProgramadorTech\Documents\AppsWeb\controlAccesos\vendor\hermawan\codeigniter4-datatables\src\DataTableColumnDefs.php(17): Hermawan\DataTables\DataTableColumnDefs->initFromBuilder(Array)
#1 C:\Users\ProgramadorTech\Documents\AppsWeb\controlAccesos\vendor\hermawan\codeigniter4-datatables\src\DataTable.php(35): Hermawan\DataTables\DataTableColumnDefs->__construct(Array)
#2 C:\Users\ProgramadorTech\Documents\AppsWeb\controlAccesos\vendor\hermawan\codeigniter4-datatables\src\DataTable.php(46): Hermawan\DataTables\DataTable->__construct(Array)
#3 C:\Users\ProgramadorTech\Documents\AppsWeb\controlAccesos\app\Controllers\Dashboard.php(40): Hermawan\DataTables\DataTable::of(Array)
#4 C:\Users\ProgramadorTech\Documents\AppsWeb\controlAccesos\system\CodeIgniter.php(832): App\Controllers\Dashboard->eventos_registrados()
#5 C:\Users\ProgramadorTech\Documents\AppsWeb\controlAccesos\system\CodeIgniter.php(419): CodeIgniter\CodeIgniter->runController(Object(App\Controllers\Dashboard))
#6 C:\Users\ProgramadorTech\Documents\AppsWeb\controlAccesos\system\CodeIgniter.php(326): CodeIgniter\CodeIgniter->handleRequest(NULL, Object(Config\Cache), false)
#7 C:\Users\ProgramadorTech\Documents\AppsWeb\controlAccesos\index.php(37): CodeIgniter\CodeIgniter->run()
#8 {main}
CRITICAL - 2025-03-06 15:55:47 --> __clone method called on non-object
#0 C:\Users\ProgramadorTech\Documents\AppsWeb\controlAccesos\vendor\hermawan\codeigniter4-datatables\src\DataTableColumnDefs.php(17): Hermawan\DataTables\DataTableColumnDefs->initFromBuilder(Array)
#1 C:\Users\ProgramadorTech\Documents\AppsWeb\controlAccesos\vendor\hermawan\codeigniter4-datatables\src\DataTable.php(35): Hermawan\DataTables\DataTableColumnDefs->__construct(Array)
#2 C:\Users\ProgramadorTech\Documents\AppsWeb\controlAccesos\vendor\hermawan\codeigniter4-datatables\src\DataTable.php(46): Hermawan\DataTables\DataTable->__construct(Array)
#3 C:\Users\ProgramadorTech\Documents\AppsWeb\controlAccesos\app\Controllers\Dashboard.php(41): Hermawan\DataTables\DataTable::of(Array)
#4 C:\Users\ProgramadorTech\Documents\AppsWeb\controlAccesos\system\CodeIgniter.php(832): App\Controllers\Dashboard->eventos_registrados()
#5 C:\Users\ProgramadorTech\Documents\AppsWeb\controlAccesos\system\CodeIgniter.php(419): CodeIgniter\CodeIgniter->runController(Object(App\Controllers\Dashboard))
#6 C:\Users\ProgramadorTech\Documents\AppsWeb\controlAccesos\system\CodeIgniter.php(326): CodeIgniter\CodeIgniter->handleRequest(NULL, Object(Config\Cache), false)
#7 C:\Users\ProgramadorTech\Documents\AppsWeb\controlAccesos\index.php(37): CodeIgniter\CodeIgniter->run()
#8 {main}
CRITICAL - 2025-03-06 16:01:10 --> __clone method called on non-object
#0 C:\Users\ProgramadorTech\Documents\AppsWeb\controlAccesos\vendor\hermawan\codeigniter4-datatables\src\DataTableColumnDefs.php(17): Hermawan\DataTables\DataTableColumnDefs->initFromBuilder(Array)
#1 C:\Users\ProgramadorTech\Documents\AppsWeb\controlAccesos\vendor\hermawan\codeigniter4-datatables\src\DataTable.php(35): Hermawan\DataTables\DataTableColumnDefs->__construct(Array)
#2 C:\Users\ProgramadorTech\Documents\AppsWeb\controlAccesos\vendor\hermawan\codeigniter4-datatables\src\DataTable.php(46): Hermawan\DataTables\DataTable->__construct(Array)
#3 C:\Users\ProgramadorTech\Documents\AppsWeb\controlAccesos\app\Controllers\Dashboard.php(40): Hermawan\DataTables\DataTable::of(Array)
#4 C:\Users\ProgramadorTech\Documents\AppsWeb\controlAccesos\system\CodeIgniter.php(832): App\Controllers\Dashboard->eventos_registrados()
#5 C:\Users\ProgramadorTech\Documents\AppsWeb\controlAccesos\system\CodeIgniter.php(419): CodeIgniter\CodeIgniter->runController(Object(App\Controllers\Dashboard))
#6 C:\Users\ProgramadorTech\Documents\AppsWeb\controlAccesos\system\CodeIgniter.php(326): CodeIgniter\CodeIgniter->handleRequest(NULL, Object(Config\Cache), false)
#7 C:\Users\ProgramadorTech\Documents\AppsWeb\controlAccesos\index.php(37): CodeIgniter\CodeIgniter->run()
#8 {main}
