CRITICAL - 2025-02-20 09:41:07 --> Call to undefined function App\Controllers\request()
#0 C:\Users\ProgramadorTech\Documents\AppsWeb\controlAccesos\system\CodeIgniter.php(832): App\Controllers\Auth->crearGrupo()
#1 C:\Users\ProgramadorTech\Documents\AppsWeb\controlAccesos\system\CodeIgniter.php(419): CodeIgniter\CodeIgniter->runController(Object(App\Controllers\Auth))
#2 C:\Users\ProgramadorTech\Documents\AppsWeb\controlAccesos\system\CodeIgniter.php(326): CodeIgniter\CodeIgniter->handleRequest(NULL, Object(Config\Cache), false)
#3 C:\Users\ProgramadorTech\Documents\AppsWeb\controlAccesos\public\index.php(37): CodeIgniter\CodeIgniter->run()
#4 {main}
CRITICAL - 2025-02-20 09:41:22 --> Call to undefined function App\Controllers\request()
#0 C:\Users\ProgramadorTech\Documents\AppsWeb\controlAccesos\system\CodeIgniter.php(832): App\Controllers\Auth->crearGrupo()
#1 C:\Users\ProgramadorTech\Documents\AppsWeb\controlAccesos\system\CodeIgniter.php(419): CodeIgniter\CodeIgniter->runController(Object(App\Controllers\Auth))
#2 C:\Users\ProgramadorTech\Documents\AppsWeb\controlAccesos\system\CodeIgniter.php(326): CodeIgniter\CodeIgniter->handleRequest(NULL, Object(Config\Cache), false)
#3 C:\Users\ProgramadorTech\Documents\AppsWeb\controlAccesos\public\index.php(37): CodeIgniter\CodeIgniter->run()
#4 {main}
CRITICAL - 2025-02-20 09:41:53 --> Class "App\Controllers\Controller" not found
#0 C:\Users\ProgramadorTech\Documents\AppsWeb\controlAccesos\system\Router\Router.php(518): include_once()
#1 C:\Users\ProgramadorTech\Documents\AppsWeb\controlAccesos\system\Router\Router.php(175): CodeIgniter\Router\Router->autoRoute('dashboard/auth/...')
#2 C:\Users\ProgramadorTech\Documents\AppsWeb\controlAccesos\system\CodeIgniter.php(726): CodeIgniter\Router\Router->handle('dashboard/auth/...')
#3 C:\Users\ProgramadorTech\Documents\AppsWeb\controlAccesos\system\CodeIgniter.php(368): CodeIgniter\CodeIgniter->tryToRouteIt(Object(CodeIgniter\Router\RouteCollection))
#4 C:\Users\ProgramadorTech\Documents\AppsWeb\controlAccesos\system\CodeIgniter.php(326): CodeIgniter\CodeIgniter->handleRequest(NULL, Object(Config\Cache), false)
#5 C:\Users\ProgramadorTech\Documents\AppsWeb\controlAccesos\public\index.php(37): CodeIgniter\CodeIgniter->run()
#6 {main}
CRITICAL - 2025-02-20 09:42:05 --> Call to undefined function App\Controllers\request()
#0 C:\Users\ProgramadorTech\Documents\AppsWeb\controlAccesos\system\CodeIgniter.php(832): App\Controllers\Auth->crearGrupo()
#1 C:\Users\ProgramadorTech\Documents\AppsWeb\controlAccesos\system\CodeIgniter.php(419): CodeIgniter\CodeIgniter->runController(Object(App\Controllers\Auth))
#2 C:\Users\ProgramadorTech\Documents\AppsWeb\controlAccesos\system\CodeIgniter.php(326): CodeIgniter\CodeIgniter->handleRequest(NULL, Object(Config\Cache), false)
#3 C:\Users\ProgramadorTech\Documents\AppsWeb\controlAccesos\public\index.php(37): CodeIgniter\CodeIgniter->run()
#4 {main}
CRITICAL - 2025-02-20 09:42:30 --> Call to undefined function App\Controllers\request()
#0 C:\Users\ProgramadorTech\Documents\AppsWeb\controlAccesos\system\CodeIgniter.php(832): App\Controllers\Auth->crearGrupo()
#1 C:\Users\ProgramadorTech\Documents\AppsWeb\controlAccesos\system\CodeIgniter.php(419): CodeIgniter\CodeIgniter->runController(Object(App\Controllers\Auth))
#2 C:\Users\ProgramadorTech\Documents\AppsWeb\controlAccesos\system\CodeIgniter.php(326): CodeIgniter\CodeIgniter->handleRequest(NULL, Object(Config\Cache), false)
#3 C:\Users\ProgramadorTech\Documents\AppsWeb\controlAccesos\public\index.php(37): CodeIgniter\CodeIgniter->run()
#4 {main}
CRITICAL - 2025-02-20 10:16:15 --> IonAuth\Libraries\IonAuth::register(): Argument #1 ($identity) must be of type string, null given, called in C:\Users\ProgramadorTech\Documents\AppsWeb\controlAccesos\app\Controllers\Auth.php on line 91
#0 C:\Users\ProgramadorTech\Documents\AppsWeb\controlAccesos\app\Controllers\Auth.php(91): IonAuth\Libraries\IonAuth->register(NULL, 'password', NULL, Array, Array)
#1 C:\Users\ProgramadorTech\Documents\AppsWeb\controlAccesos\system\CodeIgniter.php(832): App\Controllers\Auth->registrar()
#2 C:\Users\ProgramadorTech\Documents\AppsWeb\controlAccesos\system\CodeIgniter.php(419): CodeIgniter\CodeIgniter->runController(Object(App\Controllers\Auth))
#3 C:\Users\ProgramadorTech\Documents\AppsWeb\controlAccesos\system\CodeIgniter.php(326): CodeIgniter\CodeIgniter->handleRequest(NULL, Object(Config\Cache), false)
#4 C:\Users\ProgramadorTech\Documents\AppsWeb\controlAccesos\public\index.php(37): CodeIgniter\CodeIgniter->run()
#5 {main}
CRITICAL - 2025-02-20 10:16:49 --> IonAuth\Libraries\IonAuth::register(): Argument #1 ($identity) must be of type string, null given, called in C:\Users\ProgramadorTech\Documents\AppsWeb\controlAccesos\app\Controllers\Auth.php on line 91
#0 C:\Users\ProgramadorTech\Documents\AppsWeb\controlAccesos\app\Controllers\Auth.php(91): IonAuth\Libraries\IonAuth->register(NULL, 'password', NULL, Array, Array)
#1 C:\Users\ProgramadorTech\Documents\AppsWeb\controlAccesos\system\CodeIgniter.php(832): App\Controllers\Auth->registrar()
#2 C:\Users\ProgramadorTech\Documents\AppsWeb\controlAccesos\system\CodeIgniter.php(419): CodeIgniter\CodeIgniter->runController(Object(App\Controllers\Auth))
#3 C:\Users\ProgramadorTech\Documents\AppsWeb\controlAccesos\system\CodeIgniter.php(326): CodeIgniter\CodeIgniter->handleRequest(NULL, Object(Config\Cache), false)
#4 C:\Users\ProgramadorTech\Documents\AppsWeb\controlAccesos\public\index.php(37): CodeIgniter\CodeIgniter->run()
#5 {main}
CRITICAL - 2025-02-20 10:17:24 --> Undefined variable $password
#0 C:\Users\ProgramadorTech\Documents\AppsWeb\controlAccesos\app\Controllers\Auth.php(84): CodeIgniter\Debug\Exceptions->errorHandler(2, 'Undefined varia...', 'C:\\Users\\Progra...', 84)
#1 C:\Users\ProgramadorTech\Documents\AppsWeb\controlAccesos\system\CodeIgniter.php(832): App\Controllers\Auth->registrar()
#2 C:\Users\ProgramadorTech\Documents\AppsWeb\controlAccesos\system\CodeIgniter.php(419): CodeIgniter\CodeIgniter->runController(Object(App\Controllers\Auth))
#3 C:\Users\ProgramadorTech\Documents\AppsWeb\controlAccesos\system\CodeIgniter.php(326): CodeIgniter\CodeIgniter->handleRequest(NULL, Object(Config\Cache), false)
#4 C:\Users\ProgramadorTech\Documents\AppsWeb\controlAccesos\public\index.php(37): CodeIgniter\CodeIgniter->run()
#5 {main}
CRITICAL - 2025-02-20 10:17:26 --> Undefined variable $password
#0 C:\Users\ProgramadorTech\Documents\AppsWeb\controlAccesos\app\Controllers\Auth.php(84): CodeIgniter\Debug\Exceptions->errorHandler(2, 'Undefined varia...', 'C:\\Users\\Progra...', 84)
#1 C:\Users\ProgramadorTech\Documents\AppsWeb\controlAccesos\system\CodeIgniter.php(832): App\Controllers\Auth->registrar()
#2 C:\Users\ProgramadorTech\Documents\AppsWeb\controlAccesos\system\CodeIgniter.php(419): CodeIgniter\CodeIgniter->runController(Object(App\Controllers\Auth))
#3 C:\Users\ProgramadorTech\Documents\AppsWeb\controlAccesos\system\CodeIgniter.php(326): CodeIgniter\CodeIgniter->handleRequest(NULL, Object(Config\Cache), false)
#4 C:\Users\ProgramadorTech\Documents\AppsWeb\controlAccesos\public\index.php(37): CodeIgniter\CodeIgniter->run()
#5 {main}
CRITICAL - 2025-02-20 10:17:30 --> Undefined variable $password
#0 C:\Users\ProgramadorTech\Documents\AppsWeb\controlAccesos\app\Controllers\Auth.php(84): CodeIgniter\Debug\Exceptions->errorHandler(2, 'Undefined varia...', 'C:\\Users\\Progra...', 84)
#1 C:\Users\ProgramadorTech\Documents\AppsWeb\controlAccesos\system\CodeIgniter.php(832): App\Controllers\Auth->registrar()
#2 C:\Users\ProgramadorTech\Documents\AppsWeb\controlAccesos\system\CodeIgniter.php(419): CodeIgniter\CodeIgniter->runController(Object(App\Controllers\Auth))
#3 C:\Users\ProgramadorTech\Documents\AppsWeb\controlAccesos\system\CodeIgniter.php(326): CodeIgniter\CodeIgniter->handleRequest(NULL, Object(Config\Cache), false)
#4 C:\Users\ProgramadorTech\Documents\AppsWeb\controlAccesos\public\index.php(37): CodeIgniter\CodeIgniter->run()
#5 {main}
CRITICAL - 2025-02-20 10:34:55 --> IonAuth\Models\IonAuthModel::createGroup(): Argument #1 ($groupName) must be of type string, null given
#0 [internal function]: IonAuth\Models\IonAuthModel->createGroup(NULL, NULL)
#1 C:\Users\ProgramadorTech\Documents\AppsWeb\controlAccesos\vendor\benedmunds\codeigniter-ion-auth\Libraries\IonAuth.php(104): call_user_func_array(Array, Array)
#2 C:\Users\ProgramadorTech\Documents\AppsWeb\controlAccesos\app\Controllers\Auth.php(109): IonAuth\Libraries\IonAuth->__call('createGroup', Array)
#3 C:\Users\ProgramadorTech\Documents\AppsWeb\controlAccesos\system\CodeIgniter.php(832): App\Controllers\Auth->crearGrupo()
#4 C:\Users\ProgramadorTech\Documents\AppsWeb\controlAccesos\system\CodeIgniter.php(419): CodeIgniter\CodeIgniter->runController(Object(App\Controllers\Auth))
#5 C:\Users\ProgramadorTech\Documents\AppsWeb\controlAccesos\system\CodeIgniter.php(326): CodeIgniter\CodeIgniter->handleRequest(NULL, Object(Config\Cache), false)
#6 C:\Users\ProgramadorTech\Documents\AppsWeb\controlAccesos\public\index.php(37): CodeIgniter\CodeIgniter->run()
#7 {main}
CRITICAL - 2025-02-20 10:35:08 --> IonAuth\Models\IonAuthModel::createGroup(): Argument #1 ($groupName) must be of type string, null given
#0 [internal function]: IonAuth\Models\IonAuthModel->createGroup(NULL, NULL)
#1 C:\Users\ProgramadorTech\Documents\AppsWeb\controlAccesos\vendor\benedmunds\codeigniter-ion-auth\Libraries\IonAuth.php(104): call_user_func_array(Array, Array)
#2 C:\Users\ProgramadorTech\Documents\AppsWeb\controlAccesos\app\Controllers\Auth.php(109): IonAuth\Libraries\IonAuth->__call('createGroup', Array)
#3 C:\Users\ProgramadorTech\Documents\AppsWeb\controlAccesos\system\CodeIgniter.php(832): App\Controllers\Auth->crearGrupo()
#4 C:\Users\ProgramadorTech\Documents\AppsWeb\controlAccesos\system\CodeIgniter.php(419): CodeIgniter\CodeIgniter->runController(Object(App\Controllers\Auth))
#5 C:\Users\ProgramadorTech\Documents\AppsWeb\controlAccesos\system\CodeIgniter.php(326): CodeIgniter\CodeIgniter->handleRequest(NULL, Object(Config\Cache), false)
#6 C:\Users\ProgramadorTech\Documents\AppsWeb\controlAccesos\public\index.php(37): CodeIgniter\CodeIgniter->run()
#7 {main}
CRITICAL - 2025-02-20 14:17:04 --> Class "App\Controllers\Controller" not found
#0 C:\Users\ProgramadorTech\Documents\AppsWeb\controlAccesos\system\Autoloader\Autoloader.php(264): include_once()
#1 C:\Users\ProgramadorTech\Documents\AppsWeb\controlAccesos\system\Autoloader\Autoloader.php(241): CodeIgniter\Autoloader\Autoloader->includeFile('C:\\Users\\Progra...')
#2 C:\Users\ProgramadorTech\Documents\AppsWeb\controlAccesos\system\Autoloader\Autoloader.php(219): CodeIgniter\Autoloader\Autoloader->loadInNamespace('App\\Controllers...')
#3 [internal function]: CodeIgniter\Autoloader\Autoloader->loadClass('App\\Controllers...')
#4 C:\Users\ProgramadorTech\Documents\AppsWeb\controlAccesos\system\CodeIgniter.php(797): class_exists('\\App\\Controller...', true)
#5 C:\Users\ProgramadorTech\Documents\AppsWeb\controlAccesos\system\CodeIgniter.php(406): CodeIgniter\CodeIgniter->startController()
#6 C:\Users\ProgramadorTech\Documents\AppsWeb\controlAccesos\system\CodeIgniter.php(326): CodeIgniter\CodeIgniter->handleRequest(NULL, Object(Config\Cache), false)
#7 C:\Users\ProgramadorTech\Documents\AppsWeb\controlAccesos\index.php(37): CodeIgniter\CodeIgniter->run()
#8 {main}
CRITICAL - 2025-02-20 14:17:28 --> Class "App\Controllers\Controller" not found
#0 C:\Users\ProgramadorTech\Documents\AppsWeb\controlAccesos\system\Autoloader\Autoloader.php(264): include_once()
#1 C:\Users\ProgramadorTech\Documents\AppsWeb\controlAccesos\system\Autoloader\Autoloader.php(241): CodeIgniter\Autoloader\Autoloader->includeFile('C:\\Users\\Progra...')
#2 C:\Users\ProgramadorTech\Documents\AppsWeb\controlAccesos\system\Autoloader\Autoloader.php(219): CodeIgniter\Autoloader\Autoloader->loadInNamespace('App\\Controllers...')
#3 [internal function]: CodeIgniter\Autoloader\Autoloader->loadClass('App\\Controllers...')
#4 C:\Users\ProgramadorTech\Documents\AppsWeb\controlAccesos\system\CodeIgniter.php(797): class_exists('\\App\\Controller...', true)
#5 C:\Users\ProgramadorTech\Documents\AppsWeb\controlAccesos\system\CodeIgniter.php(406): CodeIgniter\CodeIgniter->startController()
#6 C:\Users\ProgramadorTech\Documents\AppsWeb\controlAccesos\system\CodeIgniter.php(326): CodeIgniter\CodeIgniter->handleRequest(NULL, Object(Config\Cache), false)
#7 C:\Users\ProgramadorTech\Documents\AppsWeb\controlAccesos\index.php(37): CodeIgniter\CodeIgniter->run()
#8 {main}
CRITICAL - 2025-02-20 14:23:00 --> Class "App\Controllers\Controller" not found
#0 C:\Users\ProgramadorTech\Documents\AppsWeb\controlAccesos\system\Autoloader\Autoloader.php(264): include_once()
#1 C:\Users\ProgramadorTech\Documents\AppsWeb\controlAccesos\system\Autoloader\Autoloader.php(241): CodeIgniter\Autoloader\Autoloader->includeFile('C:\\Users\\Progra...')
#2 C:\Users\ProgramadorTech\Documents\AppsWeb\controlAccesos\system\Autoloader\Autoloader.php(219): CodeIgniter\Autoloader\Autoloader->loadInNamespace('App\\Controllers...')
#3 [internal function]: CodeIgniter\Autoloader\Autoloader->loadClass('App\\Controllers...')
#4 C:\Users\ProgramadorTech\Documents\AppsWeb\controlAccesos\system\CodeIgniter.php(797): class_exists('\\App\\Controller...', true)
#5 C:\Users\ProgramadorTech\Documents\AppsWeb\controlAccesos\system\CodeIgniter.php(406): CodeIgniter\CodeIgniter->startController()
#6 C:\Users\ProgramadorTech\Documents\AppsWeb\controlAccesos\system\CodeIgniter.php(326): CodeIgniter\CodeIgniter->handleRequest(NULL, Object(Config\Cache), false)
#7 C:\Users\ProgramadorTech\Documents\AppsWeb\controlAccesos\index.php(37): CodeIgniter\CodeIgniter->run()
#8 {main}
CRITICAL - 2025-02-20 14:34:26 --> Undefined property: App\Controllers\Dashboard::$ionAuth
#0 C:\Users\ProgramadorTech\Documents\AppsWeb\controlAccesos\app\Controllers\Dashboard.php(8): CodeIgniter\Debug\Exceptions->errorHandler(2, 'Undefined prope...', 'C:\\Users\\Progra...', 8)
#1 C:\Users\ProgramadorTech\Documents\AppsWeb\controlAccesos\system\CodeIgniter.php(832): App\Controllers\Dashboard->index()
#2 C:\Users\ProgramadorTech\Documents\AppsWeb\controlAccesos\system\CodeIgniter.php(419): CodeIgniter\CodeIgniter->runController(Object(App\Controllers\Dashboard))
#3 C:\Users\ProgramadorTech\Documents\AppsWeb\controlAccesos\system\CodeIgniter.php(326): CodeIgniter\CodeIgniter->handleRequest(NULL, Object(Config\Cache), false)
#4 C:\Users\ProgramadorTech\Documents\AppsWeb\controlAccesos\index.php(37): CodeIgniter\CodeIgniter->run()
#5 {main}
CRITICAL - 2025-02-20 14:38:01 --> include(autoload.php): Failed to open stream: No such file or directory
#0 C:\Users\ProgramadorTech\Documents\AppsWeb\controlAccesos\app\Controllers\Dashboard.php(4): CodeIgniter\Debug\Exceptions->errorHandler(2, 'include(autoloa...', 'C:\\Users\\Progra...', 4)
#1 C:\Users\ProgramadorTech\Documents\AppsWeb\controlAccesos\app\Controllers\Dashboard.php(4): include()
#2 C:\Users\ProgramadorTech\Documents\AppsWeb\controlAccesos\system\Autoloader\Autoloader.php(264): include_once('C:\\Users\\Progra...')
#3 C:\Users\ProgramadorTech\Documents\AppsWeb\controlAccesos\system\Autoloader\Autoloader.php(241): CodeIgniter\Autoloader\Autoloader->includeFile('C:\\Users\\Progra...')
#4 C:\Users\ProgramadorTech\Documents\AppsWeb\controlAccesos\system\Autoloader\Autoloader.php(219): CodeIgniter\Autoloader\Autoloader->loadInNamespace('App\\Controllers...')
#5 [internal function]: CodeIgniter\Autoloader\Autoloader->loadClass('App\\Controllers...')
#6 C:\Users\ProgramadorTech\Documents\AppsWeb\controlAccesos\system\CodeIgniter.php(797): class_exists('\\App\\Controller...', true)
#7 C:\Users\ProgramadorTech\Documents\AppsWeb\controlAccesos\system\CodeIgniter.php(406): CodeIgniter\CodeIgniter->startController()
#8 C:\Users\ProgramadorTech\Documents\AppsWeb\controlAccesos\system\CodeIgniter.php(326): CodeIgniter\CodeIgniter->handleRequest(NULL, Object(Config\Cache), false)
#9 C:\Users\ProgramadorTech\Documents\AppsWeb\controlAccesos\index.php(37): CodeIgniter\CodeIgniter->run()
#10 {main}
CRITICAL - 2025-02-20 14:38:03 --> include(autoload.php): Failed to open stream: No such file or directory
#0 C:\Users\ProgramadorTech\Documents\AppsWeb\controlAccesos\app\Controllers\Dashboard.php(4): CodeIgniter\Debug\Exceptions->errorHandler(2, 'include(autoloa...', 'C:\\Users\\Progra...', 4)
#1 C:\Users\ProgramadorTech\Documents\AppsWeb\controlAccesos\app\Controllers\Dashboard.php(4): include()
#2 C:\Users\ProgramadorTech\Documents\AppsWeb\controlAccesos\system\Autoloader\Autoloader.php(264): include_once('C:\\Users\\Progra...')
#3 C:\Users\ProgramadorTech\Documents\AppsWeb\controlAccesos\system\Autoloader\Autoloader.php(241): CodeIgniter\Autoloader\Autoloader->includeFile('C:\\Users\\Progra...')
#4 C:\Users\ProgramadorTech\Documents\AppsWeb\controlAccesos\system\Autoloader\Autoloader.php(219): CodeIgniter\Autoloader\Autoloader->loadInNamespace('App\\Controllers...')
#5 [internal function]: CodeIgniter\Autoloader\Autoloader->loadClass('App\\Controllers...')
#6 C:\Users\ProgramadorTech\Documents\AppsWeb\controlAccesos\system\CodeIgniter.php(797): class_exists('\\App\\Controller...', true)
#7 C:\Users\ProgramadorTech\Documents\AppsWeb\controlAccesos\system\CodeIgniter.php(406): CodeIgniter\CodeIgniter->startController()
#8 C:\Users\ProgramadorTech\Documents\AppsWeb\controlAccesos\system\CodeIgniter.php(326): CodeIgniter\CodeIgniter->handleRequest(NULL, Object(Config\Cache), false)
#9 C:\Users\ProgramadorTech\Documents\AppsWeb\controlAccesos\index.php(37): CodeIgniter\CodeIgniter->run()
#10 {main}
CRITICAL - 2025-02-20 14:38:17 --> Undefined property: App\Controllers\Dashboard::$ionAuth
#0 C:\Users\ProgramadorTech\Documents\AppsWeb\controlAccesos\app\Controllers\Dashboard.php(7): CodeIgniter\Debug\Exceptions->errorHandler(2, 'Undefined prope...', 'C:\\Users\\Progra...', 7)
#1 C:\Users\ProgramadorTech\Documents\AppsWeb\controlAccesos\system\CodeIgniter.php(832): App\Controllers\Dashboard->index()
#2 C:\Users\ProgramadorTech\Documents\AppsWeb\controlAccesos\system\CodeIgniter.php(419): CodeIgniter\CodeIgniter->runController(Object(App\Controllers\Dashboard))
#3 C:\Users\ProgramadorTech\Documents\AppsWeb\controlAccesos\system\CodeIgniter.php(326): CodeIgniter\CodeIgniter->handleRequest(NULL, Object(Config\Cache), false)
#4 C:\Users\ProgramadorTech\Documents\AppsWeb\controlAccesos\index.php(37): CodeIgniter\CodeIgniter->run()
#5 {main}
